Archive member included because of file (symbol)

/usr/local/lib/gcc/avr/4.2.2/../../../../avr/lib/avr5/libprintf_min.a(vfprintf_min.o)
                              (vfprintf)
/usr/local/lib/gcc/avr/4.2.2/avr5/libgcc.a(_mulsi3.o)
                              ../../src/kernel/source/nrk_time.o (__mulsi3)
/usr/local/lib/gcc/avr/4.2.2/avr5/libgcc.a(_udivmodhi4.o)
                              ../../src/kernel/source/nrk_scheduler.o (__udivmodhi4)
/usr/local/lib/gcc/avr/4.2.2/avr5/libgcc.a(_udivmodsi4.o)
                              main.o (__udivmodsi4)
/usr/local/lib/gcc/avr/4.2.2/avr5/libgcc.a(_prologue.o)
                              /usr/local/lib/gcc/avr/4.2.2/../../../../avr/lib/avr5/libprintf_min.a(vfprintf_min.o) (__prologue_saves__)
/usr/local/lib/gcc/avr/4.2.2/avr5/libgcc.a(_epilogue.o)
                              /usr/local/lib/gcc/avr/4.2.2/../../../../avr/lib/avr5/libprintf_min.a(vfprintf_min.o) (__epilogue_restores__)
/usr/local/lib/gcc/avr/4.2.2/avr5/libgcc.a(_exit.o)
                              /usr/local/lib/gcc/avr/4.2.2/../../../../avr/lib/avr5/crtm128.o (exit)
/usr/local/lib/gcc/avr/4.2.2/avr5/libgcc.a(_clear_bss.o)
                              main.o (__do_clear_bss)
/usr/local/lib/gcc/avr/4.2.2/../../../../avr/lib/avr5/libc.a(strchr_P.o)
                              /usr/local/lib/gcc/avr/4.2.2/../../../../avr/lib/avr5/libprintf_min.a(vfprintf_min.o) (strchr_P)
/usr/local/lib/gcc/avr/4.2.2/../../../../avr/lib/avr5/libc.a(fdevopen.o)
                              ../../src/platform/micaZ/source/ulib.o (fdevopen)
/usr/local/lib/gcc/avr/4.2.2/../../../../avr/lib/avr5/libc.a(fputc.o)
                              ../../src/platform/micaZ/source/ulib.o (fputc)
/usr/local/lib/gcc/avr/4.2.2/../../../../avr/lib/avr5/libc.a(iob.o)
                              ../../src/platform/micaZ/source/ulib.o (__iob)
/usr/local/lib/gcc/avr/4.2.2/../../../../avr/lib/avr5/libc.a(printf.o)
                              main.o (printf)
/usr/local/lib/gcc/avr/4.2.2/../../../../avr/lib/avr5/libc.a(puts.o)
                              main.o (puts)
/usr/local/lib/gcc/avr/4.2.2/../../../../avr/lib/avr5/libc.a(sprintf.o)
                              ../../src/kernel/source/nrk_error.o (sprintf)
/usr/local/lib/gcc/avr/4.2.2/../../../../avr/lib/avr5/libc.a(ultoa_invert.o)
                              /usr/local/lib/gcc/avr/4.2.2/../../../../avr/lib/avr5/libprintf_min.a(vfprintf_min.o) (__ultoa_invert)
/usr/local/lib/gcc/avr/4.2.2/../../../../avr/lib/avr5/libc.a(ee_rb.1C1D1E.o)
                              ../../src/platform/micaZ/source/nrk_eeprom.o (__eeprom_read_byte_1C1D1E)
/usr/local/lib/gcc/avr/4.2.2/../../../../avr/lib/avr5/libc.a(calloc.o)
                              /usr/local/lib/gcc/avr/4.2.2/../../../../avr/lib/avr5/libc.a(fdevopen.o) (calloc)
/usr/local/lib/gcc/avr/4.2.2/../../../../avr/lib/avr5/libc.a(malloc.o)
                              /usr/local/lib/gcc/avr/4.2.2/../../../../avr/lib/avr5/libc.a(calloc.o) (malloc)
/usr/local/lib/gcc/avr/4.2.2/../../../../avr/lib/avr5/libc.a(memset.o)
                              /usr/local/lib/gcc/avr/4.2.2/../../../../avr/lib/avr5/libc.a(calloc.o) (memset)

Allocating common symbols
Common symbol       size              file

rx_ctr              0x4               ../../src/radio/cc2420/source/basic_rf.o
_free_node          0x2               ../../src/kernel/source/nrk.o
app_timer0_callback
                    0x2               main.o
nrk_task_TCB        0x168             ../../src/kernel/source/nrk.o
next_next_wakeup    0x2               ../../src/kernel/source/nrk.o
radio_sem           0x2               ../../src/radio/cc2420/source/basic_rf.o
nrk_sem_list        0x1b              ../../src/kernel/source/nrk.o
security_enable     0x1               ../../src/radio/cc2420/source/basic_rf.o
nrk_task_init_cnt   0x1               ../../src/kernel/source/nrk.o
error_task          0x1               main.o
mdmctrl0            0x2               ../../src/radio/cc2420/source/basic_rf.o
rfSettings          0x9               ../../src/radio/cc2420/source/basic_rf.o
_nrk_time_trigger   0x1               main.o
TaskOne             0x24              main.o
__brkval            0x2               /usr/local/lib/gcc/avr/4.2.2/../../../../avr/lib/avr5/libc.a(malloc.o)
nrk_wakeup_signal   0x1               ../../src/kernel/source/nrk.o
sc                  0x4               main.o
nrk_high_ready_TCB  0x2               ../../src/kernel/source/nrk.o
tmp_blah            0x2               ../../src/radio/cc2420/source/basic_rf.o
nrk_cur_task_prio   0x1               ../../src/kernel/source/nrk.o
_nrk_cpu_state      0x1               ../../src/kernel/source/nrk.o
Stack2              0x80              main.o
_head_node          0x2               ../../src/kernel/source/nrk.o
nrk_system_time     0x8               ../../src/kernel/source/nrk.o
_nrk_signal_list    0x4               main.o
_nrk_resource_cnt   0x1               ../../src/kernel/source/nrk.o
[...]
Memory Configuration

Name             Origin             Length             Attributes
text             0x00000000         0x00020000         xr
data             0x00800060         0x0000ffa0         rw !x
eeprom           0x00810000         0x00010000         rw !x
*default*        0x00000000         0xffffffff

Linker script and memory map

Address of section .data set to 0x800100
LOAD /usr/local/lib/gcc/avr/4.2.2/../../../../avr/lib/avr5/crtm128.o
LOAD main.o
LOAD ../../src/radio/cc2420/source/hal_rf_set_channel.o
LOAD ../../src/radio/cc2420/source/hal_rf_wait_for_crystal_oscillator.o
LOAD ../../src/radio/cc2420/source/basic_rf.o
LOAD ../../src/platform/micaZ/source/ulib.o
LOAD ../../src/platform/micaZ/source/hal_wait.o
LOAD ../../src/platform/micaZ/source/nrk_eeprom.o
LOAD ../../src/kernel/source/nrk.o
LOAD ../../src/kernel/source/nrk_stats.o
LOAD ../../src/kernel/source/nrk_error.o
LOAD ../../src/kernel/source/nrk_stack_check.o
LOAD ../../src/kernel/source/nrk_events.o
LOAD ../../src/kernel/source/nrk_task.o
LOAD ../../src/kernel/source/nrk_time.o
LOAD ../../src/kernel/source/nrk_idle_task.o
LOAD ../../src/kernel/source/nrk_scheduler.o
LOAD ../../src/kernel/source/nrk_driver.o
LOAD ../../src/kernel/source/nrk_reserve.o
LOAD ../../src/kernel/hal/atmega128/nrk_timer.o
LOAD ../../src/kernel/hal/atmega128/nrk_status.o
LOAD ../../src/kernel/hal/atmega128/nrk_watchdog.o
LOAD ../../src/kernel/hal/atmega128/nrk_cpu.o
LOAD ../../src/kernel/hal/atmega128/atmel_hw_specific.o
LOAD /usr/local/lib/gcc/avr/4.2.2/../../../../avr/lib/avr5/libprintf_min.a
LOAD /usr/local/lib/gcc/avr/4.2.2/../../../../avr/lib/avr5/libm.a
LOAD /usr/local/lib/gcc/avr/4.2.2/avr5/libgcc.a
LOAD /usr/local/lib/gcc/avr/4.2.2/../../../../avr/lib/avr5/libc.a
LOAD /usr/local/lib/gcc/avr/4.2.2/avr5/libgcc.a

.hash
 *(.hash)

.dynsym
 *(.dynsym)

.dynstr
 *(.dynstr)

.gnu.version
 *(.gnu.version)

.gnu.version_d
 *(.gnu.version_d)

.gnu.version_r
 *(.gnu.version_r)

.rel.init
 *(.rel.init)

.rela.init
 *(.rela.init)

.rel.text
 *(.rel.text)
 *(.rel.text.*)
 *(.rel.gnu.linkonce.t*)

.rela.text
 *(.rela.text)
 *(.rela.text.*)
 *(.rela.gnu.linkonce.t*)

.rel.fini
 *(.rel.fini)

.rela.fini
 *(.rela.fini)

.rel.rodata
 *(.rel.rodata)
 *(.rel.rodata.*)
 *(.rel.gnu.linkonce.r*)

.rela.rodata
 *(.rela.rodata)
 *(.rela.rodata.*)
 *(.rela.gnu.linkonce.r*)

.rel.data
 *(.rel.data)
 *(.rel.data.*)
 *(.rel.gnu.linkonce.d*)

.rela.data
 *(.rela.data)
 *(.rela.data.*)
 *(.rela.gnu.linkonce.d*)

.rel.ctors
 *(.rel.ctors)

.rela.ctors
 *(.rela.ctors)

.rel.dtors
 *(.rel.dtors)

.rela.dtors
 *(.rela.dtors)

.rel.got
 *(.rel.got)

.rela.got
 *(.rela.got)

.rel.bss
 *(.rel.bss)

.rela.bss
 *(.rela.bss)

.rel.plt
 *(.rel.plt)

.rela.plt
 *(.rela.plt)

.text           0x00000000     0x5a1c
 *(.vectors)
 .vectors       0x00000000       0x8c /usr/local/lib/gcc/avr/4.2.2/../../../../avr/lib/avr5/crtm128.o
                0x00000000                __vectors
 *(.vectors)
 *(.progmem.gcc*)
 .progmem.gcc_sw_table
                0x0000008c       0x24 ../../src/kernel/source/nrk_error.o
 *(.progmem*)
 .progmem.data  0x000000b0      0x1c8 ../../src/kernel/source/nrk_error.o
 .progmem.data  0x00000278        0xf ../../src/kernel/source/nrk_stack_check.o
 .progmem.data  0x00000287       0x17 /usr/local/lib/gcc/avr/4.2.2/../../../../avr/lib/avr5/libprintf_min.a(vfprintf_min.o)
                0x0000029e                . = ALIGN (0x2)
                0x0000029e                __trampolines_start = .
 *(.trampolines)
 .trampolines   0x0000029e        0x0 linker stubs
 *(.trampolines*)
                0x0000029e                __trampolines_end = .
 *(.jumptables)
 *(.jumptables*)
 *(.lowtext)
 *(.lowtext*)
                0x0000029e                __ctors_start = .
 *(.ctors)
                0x0000029e                __ctors_end = .
                0x0000029e                __dtors_start = .
 *(.dtors)
                0x0000029e                __dtors_end = .
 SORT(*)(.ctors)
 SORT(*)(.dtors)
 *(.init0)
 .init0         0x0000029e        0x0 /usr/local/lib/gcc/avr/4.2.2/../../../../avr/lib/avr5/crtm128.o
                0x0000029e                __init
 *(.init0)
 *(.init1)
 *(.init1)
 *(.init2)
 .init2         0x0000029e        0xc /usr/local/lib/gcc/avr/4.2.2/../../../../avr/lib/avr5/crtm128.o
 *(.init2)
 *(.init3)
 *(.init3)
 *(.init4)
 .init4         0x000002aa       0x1a /usr/local/lib/gcc/avr/4.2.2/../../../../avr/lib/avr5/crtm128.o
                0x000002aa                __do_copy_data
 .init4         0x000002c4       0x10 /usr/local/lib/gcc/avr/4.2.2/avr5/libgcc.a(_clear_bss.o)
                0x000002c4                __do_clear_bss
 *(.init4)
 *(.init5)
 *(.init5)
 *(.init6)
 *(.init6)
 *(.init7)
 *(.init7)
 *(.init8)
 *(.init8)
 *(.init9)
 .init9         0x000002d4        0x8 /usr/local/lib/gcc/avr/4.2.2/../../../../avr/lib/avr5/crtm128.o
 *(.init9)
 *(.text)
 .text          0x000002dc        0x4 /usr/local/lib/gcc/avr/4.2.2/../../../../avr/lib/avr5/crtm128.o
                0x000002dc                __vector_22
                0x000002dc                __vector_28
                0x000002dc                __vector_1
                0x000002dc                __vector_32
                0x000002dc                __vector_34
                0x000002dc                __vector_24
                0x000002dc                __vector_12
                0x000002dc                __bad_interrupt
                0x000002dc                __vector_6
                0x000002dc                __vector_31
                0x000002dc                __vector_3
                0x000002dc                __vector_23
                0x000002dc                __vector_30
                0x000002dc                __vector_25
                0x000002dc                __vector_11
                0x000002dc                __vector_13
                0x000002dc                __vector_17
                0x000002dc                __vector_19
                0x000002dc                __vector_7
                0x000002dc                __vector_27
                0x000002dc                __vector_5
                0x000002dc                __vector_33
                0x000002dc                __vector_4
                0x000002dc                __vector_2
                0x000002dc                __vector_21
                0x000002dc                __vector_29
                0x000002dc                __vector_8
                0x000002dc                __vector_26
                0x000002dc                __vector_14
                0x000002dc                __vector_10
                0x000002dc                __vector_18
                0x000002dc                __vector_20
 .text          0x000002e0      0x7d6 main.o
                0x000006ae                Task13
                0x0000095e                Task4
                0x000004f4                my_nano_sleep
                0x00000602                Task15
                0x00000806                Task8
                0x0000075a                Task10
                0x00000462                Task12
                0x000007b0                Task9
                0x00000a60                Task1
                0x000002e0                nrk_create_taskset
                0x00000908                Task5
                0x000004b0                main
                0x000009b4                Task3
                0x0000085c                Task7
                0x00000704                Task11
                0x00000a0a                Task2
                0x000008b2                Task6
                0x00000658                Task14
                0x000005ac                Task16
 .text          0x00000ab6       0x38 ../../src/radio/cc2420/source/hal_rf_set_channel.o
                0x00000ab6                halRfSetChannel
 .text          0x00000aee       0x16 ../../src/radio/cc2420/source/hal_rf_wait_for_crystal_oscillator.o
                0x00000aee                halRfWaitForCrystalOscillator
 .text          0x00000b04     0x1146 ../../src/radio/cc2420/source/basic_rf.o
                0x00001ac4                rf_set_channel
                0x00000cee                rf_rx_on
                0x00000c84                rf_auto_ack_enable
                0x00000bfa                rf_tx_power
                0x00001a92                rf_set_rx
                0x00000c54                rf_addr_decode_disable
                0x00001222                rf_data_mode
                0x00000d60                rf_rx_check_fifop
                0x00001282                rf_tx_packet
                0x00000d74                rf_rx_check_sfd
                0x00000b8e                rf_security_enable
                0x00001178                rf_rx_packet
                0x00001274                rf_carrier_off
                0x00000d4c                rf_busy
                0x00000d12                rf_polling_rx_on
                0x00000d88                rf_polling_rx_packet
                0x00001266                rf_carrier_on
                0x00000bf0                rf_get_sem
                0x00000d36                rf_rx_off
                0x00001196                rf_flush_rx_fifo
                0x00001aca                rf_init
                0x00000c24                rf_addr_decode_enable
                0x000018d6                rf_security_set_key
                0x0000158a                rf_tx_tdma_packet
                0x00000b0c                rf_security_set_ctr_counter
                0x000011b0                rf_set_cca_thresh
                0x00001866                rf_addr_decode_set_my_mac
                0x00000bce                rf_security_disable
                0x00000cba                rf_auto_ack_disable
                0x000011da                rf_test_mode
                0x00000b04                rf_security_last_pkt_status
 .text          0x00001c4a      0x90a ../../src/platform/micaZ/source/ulib.o
                0x00001cb2                nrk_gpio_set
                0x000023ce                nrk_get_button
                0x0000252e                nrk_kprintf
                0x00001c50                nrk_uart_data_ready
                0x00002180                nrk_gpio_direction
                0x00001c84                getc0
                0x00002434                nrk_led_set
                0x000024d2                getc1
                0x00001f66                nrk_gpio_toggle
                0x00001dc0                nrk_gpio_clr
                0x00002464                putc0
                0x000024ec                nrk_setup_uart
                0x00001f50                nrk_gpio_pullups
                0x000024a4                setup_uart1
                0x00001c90                nrk_setup_ports
                0x0000246e                putc1
                0x00002404                nrk_led_clr
                0x00001edc                nrk_gpio_get
                0x00002488                setup_uart0
                0x000023d4                nrk_led_toggle
                0x00001c4a                nrk_uart_rx_signal_get
 .text          0x00002554        0xe ../../src/platform/micaZ/source/hal_wait.o
                0x00002554                halWait
 .text          0x00002562       0x52 ../../src/platform/micaZ/source/nrk_eeprom.o
                0x00002562                read_eeprom_mac_address
 .text          0x000025b4      0x5a4 ../../src/kernel/source/nrk.o
                0x000025bc                nrk_version
                0x00002a20                nrk_init
                0x000025c8                nrk_TCB_init
                0x00002b54                nrk_halt
                0x000025c2                _nrk_timer_tick
                0x000025b8                nrk_int_enable
                0x0000295e                nrk_start
                0x000025b4                nrk_int_disable
 .text          0x00002b58        0x0 ../../src/kernel/source/nrk_stats.o
 .text          0x00002b58      0x43a ../../src/kernel/source/nrk_error.o
                0x00002f7a                nrk_error_add
                0x00002b92                pause
                0x00002ef8                nrk_kernel_error_add
                0x00002bd0                blink_dot
                0x00002c0c                blink_morse_code_error
                0x00002bea                blink_dash
                0x00002b72                nrk_error_get
                0x00002b64                nrk_errno_get
                0x00002b58                _nrk_errno_set
                0x00002d74                nrk_error_print
 .text          0x00002f92      0x1ea ../../src/kernel/source/nrk_stack_check.o
                0x00002fde                dump_stack_info
                0x00002f92                nrk_stack_check_pid
                0x00003136                nrk_stack_check
 .text          0x0000317c      0x6bc ../../src/kernel/source/nrk_events.o
                0x000035ea                nrk_signal_delete
                0x0000350a                nrk_event_signal
                0x0000344e                nrk_sem_post
                0x00003350                nrk_sem_create
                0x000037c2                nrk_event_wait
                0x0000317c                system_ceiling
                0x00003414                nrk_sem_query
                0x000031cc                nrk_signal_create
                0x000032de                nrk_signal_register
                0x00003706                nrk_sem_pend
                0x000033cc                nrk_sem_delete
                0x00003246                nrk_signal_get_registered_mask
                0x000033a0                nrk_get_resource_index
                0x00003258                nrk_signal_unregister
 .text          0x00003838      0x6ee ../../src/kernel/source/nrk_task.o
                0x000038f8                _nrk_wait_for_scheduler
                0x000038ea                nrk_get_pid
                0x00003c6a                nrk_wait_until_next_period
                0x00003b96                nrk_wait_ticks
                0x000039c6                nrk_wait_until
                0x00003ac4                nrk_set_next_wakeup
                0x00003d7a                nrk_add_to_readyQ
                0x00003a76                nrk_wait_until_nw
                0x00003ce6                nrk_print_readyQ
                0x00003e76                nrk_activate_task
                0x00003b40                nrk_wait_until_ticks
                0x0000390c                nrk_wait
                0x00003cc2                nrk_terminate_task
                0x00003838                nrk_get_high_ready_task_ID
                0x00003c04                nrk_wait_until_next_n_periods
                0x00003846                nrk_rem_from_readyQ
 .text          0x00003f26      0x5c0 ../../src/kernel/source/nrk_time.o
                0x00004142                nrk_time_set
                0x00004430                nrk_time_get
                0x00004164                _nrk_time_to_ticks
                0x00004320                _nrk_time_to_ticks_long
                0x00004044                nrk_time_compact_nanos
                0x00004088                nrk_time_add
                0x00003f26                nrk_time_sub
                0x00004268                _nrk_ticks_to_time
 .text          0x000044e6       0x48 ../../src/kernel/source/nrk_idle_task.o
                0x000044e6                nrk_idle_task
 .text          0x0000452e      0x770 ../../src/kernel/source/nrk_scheduler.o
                0x0000452e                _nrk_scheduler
 .text          0x00004c9e        0x0 ../../src/kernel/source/nrk_driver.o
 .text          0x00004c9e        0x0 ../../src/kernel/source/nrk_reserve.o
 .text          0x00004c9e      0x328 ../../src/kernel/hal/atmega128/nrk_timer.o
                0x00004ef8                nrk_high_speed_timer_wait
                0x00004db0                nrk_timer_int_reset
                0x00004d14                _nrk_os_timer_reset
                0x00004d34                _nrk_os_timer_get
                0x00004da0                nrk_timer_int_stop
                0x00004c9e                nrk_spin_wait_us
                0x00004cb6                _nrk_high_speed_timer_reset
                0x00004f7c                _nrk_setup_timer
                0x00004eac                __vector_default
                0x00004d2e                _nrk_set_next_wakeup
                0x00004dc2                nrk_timer_int_read
                0x00004cac                _nrk_high_speed_timer_stop
                0x00004cb0                _nrk_high_speed_timer_start
                0x00004e50                __vector_9
                0x00004dd2                nrk_timer_int_start
                0x00004d3a                __vector_15
                0x00004de8                nrk_timer_int_configure
                0x00004cf4                _nrk_os_timer_set
                0x00004cc2                _nrk_high_speed_timer_get
                0x00004cf8                _nrk_os_timer_stop
                0x00004d3a                __vector_16
                0x00004d08                _nrk_os_timer_start
                0x00004d26                _nrk_get_next_wakeup
 .text          0x00004fc6       0x12 ../../src/kernel/hal/atmega128/nrk_status.o
                0x00004fc6                _nrk_startup_ok
 .text          0x00004fd8       0x4c ../../src/kernel/hal/atmega128/nrk_watchdog.o
                0x00004fee                nrk_watchdog_disable
                0x00005008                nrk_watchdog_enable
                0x00004fd8                nrk_watchdog_check
                0x00004fea                nrk_watchdog_reset
 .text          0x00005024      0x130 ../../src/kernel/hal/atmega128/nrk_cpu.o
                0x000050ea                nrk_stack_pointer_init
                0x00005116                nrk_task_set_stk
                0x00005046                nrk_idle
                0x00005024                nrk_battery_save
                0x00005026                nrk_task_set_entry_function
                0x0000510c                nrk_target_start
                0x000050d8                nrk_stack_pointer_restore
                0x0000505c                nrk_task_stk_init
                0x0000502e                nrk_sleep
 .text          0x00005154       0x56 ../../src/kernel/hal/atmega128/atmel_hw_specific.o
                0x00005154                nrk_start_high_ready_task
 .text          0x000051aa      0x260 /usr/local/lib/gcc/avr/4.2.2/../../../../avr/lib/avr5/libprintf_min.a(vfprintf_min.o)
                0x000051aa                vfprintf
 .text          0x0000540a        0x0 /usr/local/lib/gcc/avr/4.2.2/avr5/libgcc.a(_mulsi3.o)
 .text          0x0000540a        0x0 /usr/local/lib/gcc/avr/4.2.2/avr5/libgcc.a(_udivmodhi4.o)
 .text          0x0000540a        0x0 /usr/local/lib/gcc/avr/4.2.2/avr5/libgcc.a(_udivmodsi4.o)
 .text          0x0000540a        0x0 /usr/local/lib/gcc/avr/4.2.2/avr5/libgcc.a(_prologue.o)
 .text          0x0000540a        0x0 /usr/local/lib/gcc/avr/4.2.2/avr5/libgcc.a(_epilogue.o)
 .text          0x0000540a        0x0 /usr/local/lib/gcc/avr/4.2.2/avr5/libgcc.a(_exit.o)
 .text          0x0000540a        0x0 /usr/local/lib/gcc/avr/4.2.2/avr5/libgcc.a(_clear_bss.o)
 .text          0x0000540a       0x16 /usr/local/lib/gcc/avr/4.2.2/../../../../avr/lib/avr5/libc.a(strchr_P.o)
                0x0000540a                strchr_P
 .text          0x00005420       0x9c /usr/local/lib/gcc/avr/4.2.2/../../../../avr/lib/avr5/libc.a(fdevopen.o)
                0x00005420                fdevopen
 .text          0x000054bc       0x5a /usr/local/lib/gcc/avr/4.2.2/../../../../avr/lib/avr5/libc.a(fputc.o)
                0x000054bc                fputc
 .text          0x00005516        0x0 /usr/local/lib/gcc/avr/4.2.2/../../../../avr/lib/avr5/libc.a(iob.o)
 .text          0x00005516       0x2e /usr/local/lib/gcc/avr/4.2.2/../../../../avr/lib/avr5/libc.a(printf.o)
                0x00005516                printf
 .text          0x00005544       0x66 /usr/local/lib/gcc/avr/4.2.2/../../../../avr/lib/avr5/libc.a(puts.o)
                0x00005544                puts
 .text          0x000055aa       0x4a /usr/local/lib/gcc/avr/4.2.2/../../../../avr/lib/avr5/libc.a(sprintf.o)
                0x000055aa                sprintf
 .text          0x000055f4       0xbc /usr/local/lib/gcc/avr/4.2.2/../../../../avr/lib/avr5/libc.a(ultoa_invert.o)
                0x000055f4                __ultoa_invert
 .text          0x000056b0        0x0 /usr/local/lib/gcc/avr/4.2.2/../../../../avr/lib/avr5/libc.a(ee_rb.1C1D1E.o)
 .text          0x000056b0       0x38 /usr/local/lib/gcc/avr/4.2.2/../../../../avr/lib/avr5/libc.a(calloc.o)
                0x000056b0                calloc
 .text          0x000056e8      0x1fc /usr/local/lib/gcc/avr/4.2.2/../../../../avr/lib/avr5/libc.a(malloc.o)
                0x000056e8                malloc
                0x00005838                free
 .text          0x000058e4        0xe /usr/local/lib/gcc/avr/4.2.2/../../../../avr/lib/avr5/libc.a(memset.o)
                0x000058e4                memset
                0x000058f2                . = ALIGN (0x2)
 *(.text.*)
 .text.libgcc   0x000058f2       0x3e /usr/local/lib/gcc/avr/4.2.2/avr5/libgcc.a(_mulsi3.o)
                0x000058f2                __mulsi3
 .text.libgcc   0x00005930       0x28 /usr/local/lib/gcc/avr/4.2.2/avr5/libgcc.a(_udivmodhi4.o)
                0x00005930                __udivmodhi4
 .text.libgcc   0x00005958       0x44 /usr/local/lib/gcc/avr/4.2.2/avr5/libgcc.a(_udivmodsi4.o)
                0x00005958                __udivmodsi4
 .text.libgcc   0x0000599c       0x38 /usr/local/lib/gcc/avr/4.2.2/avr5/libgcc.a(_prologue.o)
                0x0000599c                __prologue_saves__
 .text.libgcc   0x000059d4       0x36 /usr/local/lib/gcc/avr/4.2.2/avr5/libgcc.a(_epilogue.o)
                0x000059d4                __epilogue_restores__
 .text.libgcc   0x00005a0a        0x0 /usr/local/lib/gcc/avr/4.2.2/avr5/libgcc.a(_exit.o)
 .text.libgcc   0x00005a0a        0x0 /usr/local/lib/gcc/avr/4.2.2/avr5/libgcc.a(_clear_bss.o)
 .text.eeprom   0x00005a0a       0x10 /usr/local/lib/gcc/avr/4.2.2/../../../../avr/lib/avr5/libc.a(ee_rb.1C1D1E.o)
                0x00005a0a                __eeprom_read_byte_1C1D1E
                0x00005a1a                . = ALIGN (0x2)
 *(.fini9)
 .fini9         0x00005a1a        0x0 /usr/local/lib/gcc/avr/4.2.2/avr5/libgcc.a(_exit.o)
                0x00005a1a                exit
                0x00005a1a                _exit
 *(.fini9)
 *(.fini8)
 *(.fini8)
 *(.fini7)
 *(.fini7)
 *(.fini6)
 *(.fini6)
 *(.fini5)
 *(.fini5)
 *(.fini4)
 *(.fini4)
 *(.fini3)
 *(.fini3)
 *(.fini2)
 *(.fini2)
 *(.fini1)
 *(.fini1)
 *(.fini0)
 .fini0         0x00005a1a        0x2 /usr/local/lib/gcc/avr/4.2.2/avr5/libgcc.a(_exit.o)
 *(.fini0)
                0x00005a1c                _etext = .

.data           0x00800100      0x4de load address 0x00005a1c
                0x00800100                PROVIDE (__data_start, .)
 *(.data)
 .data          0x00800100        0x0 /usr/local/lib/gcc/avr/4.2.2/../../../../avr/lib/avr5/crtm128.o
 .data          0x00800100      0x223 main.o
 .data          0x00800323        0x0 ../../src/radio/cc2420/source/hal_rf_set_channel.o
 .data          0x00800323        0x0 ../../src/radio/cc2420/source/hal_rf_wait_for_crystal_oscillator.o
 .data          0x00800323        0x0 ../../src/radio/cc2420/source/basic_rf.o
 .data          0x00800323       0x23 ../../src/platform/micaZ/source/ulib.o
                0x00800323                NRK_LED_0
                0x00800335                NRK_FIFOP
                0x0080032f                NRK_SFD
                0x0080033f                NRK_DEBUG_3
                0x00800324                NRK_LED_1
                0x0080032c                NRK_FIFO
                0x00800337                NRK_ADC_INPUT_1
                0x00800334                NRK_UART0_TXD
                0x00800325                NRK_LED_2
                0x00800336                NRK_ADC_INPUT_0
                0x0080033d                NRK_DEBUG_1
                0x00800345                NRK_GPIO34
                0x00800326                NRK_VREG_EN
                0x00800331                NRK_CCA
                0x0080033a                NRK_ADC_INPUT_6
                0x00800330                NRK_UART1_RTS
                0x0080033c                NRK_DEBUG_0
                0x00800339                NRK_ADC_INPUT_3
                0x00800343                NRK_GPIO26
                0x0080032b                NRK_MISO
                0x00800344                NRK_GPIO28
                0x0080032a                NRK_MOSI
                0x0080032e                NRK_UART1_TXD
                0x00800333                NRK_UART0_RXD
                0x0080033b                NRK_ADC_INPUT_7
                0x00800328                NRK_CSN
                0x00800332                NRK_UART1_CTS
                0x0080033e                NRK_DEBUG_2
                0x00800340                NRK_LED_3
                0x00800327                NRK_RESET_N
                0x00800342                NRK_SPI_SS
                0x0080032d                NRK_UART1_RXD
                0x00800338                NRK_ADC_INPUT_2
                0x00800329                NRK_SCK
                0x00800341                NRK_BLED
 .data          0x00800346        0x0 ../../src/platform/micaZ/source/hal_wait.o
 .data          0x00800346        0x0 ../../src/platform/micaZ/source/nrk_eeprom.o
 .data          0x00800346       0x36 ../../src/kernel/source/nrk.o
 .data          0x0080037c        0x0 ../../src/kernel/source/nrk_stats.o
 .data          0x0080037c        0x3 ../../src/kernel/source/nrk_error.o
 .data          0x0080037f       0x4e ../../src/kernel/source/nrk_stack_check.o
 .data          0x008003cd        0x0 ../../src/kernel/source/nrk_events.o
 .data          0x008003cd       0x9f ../../src/kernel/source/nrk_task.o
 .data          0x0080046c        0x0 ../../src/kernel/source/nrk_time.o
 .data          0x0080046c        0x0 ../../src/kernel/source/nrk_idle_task.o
 .data          0x0080046c      0x16c ../../src/kernel/source/nrk_scheduler.o
 .data          0x008005d8        0x0 ../../src/kernel/source/nrk_driver.o
 .data          0x008005d8        0x0 ../../src/kernel/source/nrk_reserve.o
 .data          0x008005d8        0x0 ../../src/kernel/hal/atmega128/nrk_timer.o
 .data          0x008005d8        0x0 ../../src/kernel/hal/atmega128/nrk_status.o
 .data          0x008005d8        0x0 ../../src/kernel/hal/atmega128/nrk_watchdog.o
 .data          0x008005d8        0x0 ../../src/kernel/hal/atmega128/nrk_cpu.o
 .data          0x008005d8        0x0 ../../src/kernel/hal/atmega128/atmel_hw_specific.o
 .data          0x008005d8        0x0 /usr/local/lib/gcc/avr/4.2.2/../../../../avr/lib/avr5/libprintf_min.a(vfprintf_min.o)
 .data          0x008005d8        0x0 /usr/local/lib/gcc/avr/4.2.2/avr5/libgcc.a(_mulsi3.o)
 .data          0x008005d8        0x0 /usr/local/lib/gcc/avr/4.2.2/avr5/libgcc.a(_udivmodhi4.o)
 .data          0x008005d8        0x0 /usr/local/lib/gcc/avr/4.2.2/avr5/libgcc.a(_udivmodsi4.o)
 .data          0x008005d8        0x0 /usr/local/lib/gcc/avr/4.2.2/avr5/libgcc.a(_prologue.o)
 .data          0x008005d8        0x0 /usr/local/lib/gcc/avr/4.2.2/avr5/libgcc.a(_epilogue.o)
 .data          0x008005d8        0x0 /usr/local/lib/gcc/avr/4.2.2/avr5/libgcc.a(_exit.o)
 .data          0x008005d8        0x0 /usr/local/lib/gcc/avr/4.2.2/avr5/libgcc.a(_clear_bss.o)
 .data          0x008005d8        0x0 /usr/local/lib/gcc/avr/4.2.2/../../../../avr/lib/avr5/libc.a(strchr_P.o)
 .data          0x008005d8        0x0 /usr/local/lib/gcc/avr/4.2.2/../../../../avr/lib/avr5/libc.a(fdevopen.o)
 .data          0x008005d8        0x0 /usr/local/lib/gcc/avr/4.2.2/../../../../avr/lib/avr5/libc.a(fputc.o)
 .data          0x008005d8        0x0 /usr/local/lib/gcc/avr/4.2.2/../../../../avr/lib/avr5/libc.a(iob.o)
 .data          0x008005d8        0x0 /usr/local/lib/gcc/avr/4.2.2/../../../../avr/lib/avr5/libc.a(printf.o)
 .data          0x008005d8        0x0 /usr/local/lib/gcc/avr/4.2.2/../../../../avr/lib/avr5/libc.a(puts.o)
 .data          0x008005d8        0x0 /usr/local/lib/gcc/avr/4.2.2/../../../../avr/lib/avr5/libc.a(sprintf.o)
 .data          0x008005d8        0x0 /usr/local/lib/gcc/avr/4.2.2/../../../../avr/lib/avr5/libc.a(ultoa_invert.o)
 .data          0x008005d8        0x0 /usr/local/lib/gcc/avr/4.2.2/../../../../avr/lib/avr5/libc.a(ee_rb.1C1D1E.o)
 .data          0x008005d8        0x0 /usr/local/lib/gcc/avr/4.2.2/../../../../avr/lib/avr5/libc.a(calloc.o)
 .data          0x008005d8        0x6 /usr/local/lib/gcc/avr/4.2.2/../../../../avr/lib/avr5/libc.a(malloc.o)
                0x008005da                __malloc_heap_start
                0x008005dc                __malloc_heap_end
                0x008005d8                __malloc_margin
 .data          0x008005de        0x0 /usr/local/lib/gcc/avr/4.2.2/../../../../avr/lib/avr5/libc.a(memset.o)
 *(.data*)
 *(.rodata)
 *(.rodata*)
 *(.gnu.linkonce.d*)
                0x008005de                . = ALIGN (0x2)
                0x008005de                _edata = .
                0x008005de                PROVIDE (__data_end, .)

.bss            0x008005de      0x3cb load address 0x00005efa
                0x008005de                PROVIDE (__bss_start, .)
 *(.bss)
 .bss           0x008005de        0x0 /usr/local/lib/gcc/avr/4.2.2/../../../../avr/lib/avr5/crtm128.o
 .bss           0x008005de        0x0 main.o
 .bss           0x008005de        0x0 ../../src/radio/cc2420/source/hal_rf_set_channel.o
 .bss           0x008005de        0x0 ../../src/radio/cc2420/source/hal_rf_wait_for_crystal_oscillator.o
 .bss           0x008005de        0x0 ../../src/radio/cc2420/source/basic_rf.o
 .bss           0x008005de        0x0 ../../src/platform/micaZ/source/ulib.o
 .bss           0x008005de        0x0 ../../src/platform/micaZ/source/hal_wait.o
 .bss           0x008005de        0x0 ../../src/platform/micaZ/source/nrk_eeprom.o
 .bss           0x008005de        0x0 ../../src/kernel/source/nrk.o
 .bss           0x008005de        0x0 ../../src/kernel/source/nrk_stats.o
 .bss           0x008005de        0x0 ../../src/kernel/source/nrk_error.o
 .bss           0x008005de        0x0 ../../src/kernel/source/nrk_stack_check.o
 .bss           0x008005de        0x0 ../../src/kernel/source/nrk_events.o
 .bss           0x008005de        0x0 ../../src/kernel/source/nrk_task.o
 .bss           0x008005de        0x0 ../../src/kernel/source/nrk_time.o
 .bss           0x008005de        0x0 ../../src/kernel/source/nrk_idle_task.o
 .bss           0x008005de        0x0 ../../src/kernel/source/nrk_scheduler.o
 .bss           0x008005de        0x0 ../../src/kernel/source/nrk_driver.o
 .bss           0x008005de        0x0 ../../src/kernel/source/nrk_reserve.o
 .bss           0x008005de        0x0 ../../src/kernel/hal/atmega128/nrk_timer.o
 .bss           0x008005de        0x0 ../../src/kernel/hal/atmega128/nrk_status.o
 .bss           0x008005de        0x0 ../../src/kernel/hal/atmega128/nrk_watchdog.o
 .bss           0x008005de        0x0 ../../src/kernel/hal/atmega128/nrk_cpu.o
 .bss           0x008005de        0x0 ../../src/kernel/hal/atmega128/atmel_hw_specific.o
 .bss           0x008005de        0x0 /usr/local/lib/gcc/avr/4.2.2/../../../../avr/lib/avr5/libprintf_min.a(vfprintf_min.o)
 .bss           0x008005de        0x0 /usr/local/lib/gcc/avr/4.2.2/avr5/libgcc.a(_mulsi3.o)
 .bss           0x008005de        0x0 /usr/local/lib/gcc/avr/4.2.2/avr5/libgcc.a(_udivmodhi4.o)
 .bss           0x008005de        0x0 /usr/local/lib/gcc/avr/4.2.2/avr5/libgcc.a(_udivmodsi4.o)
 .bss           0x008005de        0x0 /usr/local/lib/gcc/avr/4.2.2/avr5/libgcc.a(_prologue.o)
 .bss           0x008005de        0x0 /usr/local/lib/gcc/avr/4.2.2/avr5/libgcc.a(_epilogue.o)
 .bss           0x008005de        0x0 /usr/local/lib/gcc/avr/4.2.2/avr5/libgcc.a(_exit.o)
 .bss           0x008005de        0x0 /usr/local/lib/gcc/avr/4.2.2/avr5/libgcc.a(_clear_bss.o)
 .bss           0x008005de        0x0 /usr/local/lib/gcc/avr/4.2.2/../../../../avr/lib/avr5/libc.a(strchr_P.o)
 .bss           0x008005de        0x0 /usr/local/lib/gcc/avr/4.2.2/../../../../avr/lib/avr5/libc.a(fdevopen.o)
 .bss           0x008005de        0x0 /usr/local/lib/gcc/avr/4.2.2/../../../../avr/lib/avr5/libc.a(fputc.o)
 .bss           0x008005de        0x0 /usr/local/lib/gcc/avr/4.2.2/../../../../avr/lib/avr5/libc.a(iob.o)
 .bss           0x008005de        0x0 /usr/local/lib/gcc/avr/4.2.2/../../../../avr/lib/avr5/libc.a(printf.o)
 .bss           0x008005de        0x0 /usr/local/lib/gcc/avr/4.2.2/../../../../avr/lib/avr5/libc.a(puts.o)
 .bss           0x008005de        0x0 /usr/local/lib/gcc/avr/4.2.2/../../../../avr/lib/avr5/libc.a(sprintf.o)
 .bss           0x008005de        0x0 /usr/local/lib/gcc/avr/4.2.2/../../../../avr/lib/avr5/libc.a(ultoa_invert.o)
 .bss           0x008005de        0x0 /usr/local/lib/gcc/avr/4.2.2/../../../../avr/lib/avr5/libc.a(ee_rb.1C1D1E.o)
 .bss           0x008005de        0x0 /usr/local/lib/gcc/avr/4.2.2/../../../../avr/lib/avr5/libc.a(calloc.o)
 .bss           0x008005de        0x0 /usr/local/lib/gcc/avr/4.2.2/../../../../avr/lib/avr5/libc.a(malloc.o)
 .bss           0x008005de        0x0 /usr/local/lib/gcc/avr/4.2.2/../../../../avr/lib/avr5/libc.a(memset.o)
 *(.bss*)
 *(COMMON)
 COMMON         0x008005de      0x1d9 main.o
                0x008005de                app_timer0_callback
                0x008005e0                error_task
                0x008005e1                _nrk_time_trigger
                0x008005e2                TaskOne
                0x00800606                sc
                0x0080060a                Stack2
                0x0080068a                _nrk_signal_list
                0x0080068e                Stack1
                0x0080070e                nrk_kernel_stk_ptr
                0x00800710                app_timer0_prescale
                0x00800711                _nrk_prev_timer_val
                0x00800712                error_num
                0x00800713                nrk_idle_task_stk
                0x00800793                TaskTwo
 COMMON         0x008007b7       0x1b ../../src/radio/cc2420/source/basic_rf.o
                0x008007b7                rx_ctr
                0x008007bb                radio_sem
                0x008007bd                security_enable
                0x008007be                mdmctrl0
                0x008007c0                rfSettings
                0x008007c9                tmp_blah
                0x008007cb                auto_ack_enable
                0x008007cc                last_pkt_encrypted
                0x008007cd                tx_ctr
                0x008007d1                rx_ready
 COMMON         0x008007d2      0x1cd ../../src/kernel/source/nrk.o
                0x008007d2                _free_node
                0x008007d4                nrk_task_TCB
                0x0080093c                next_next_wakeup
                0x0080093e                nrk_sem_list
                0x00800959                nrk_task_init_cnt
                0x0080095a                nrk_wakeup_signal
                0x0080095b                nrk_high_ready_TCB
                0x0080095d                nrk_cur_task_prio
                0x0080095e                _nrk_cpu_state
                0x0080095f                _head_node
                0x00800961                nrk_system_time
                0x00800969                _nrk_resource_cnt
                0x0080096a                nrk_cur_task_TCB
                0x0080096c                nrk_high_ready_prio
                0x0080096d                _nrk_readyQ
 COMMON         0x0080099f        0x6 /usr/local/lib/gcc/avr/4.2.2/../../../../avr/lib/avr5/libc.a(iob.o)
                0x0080099f                __iob
 COMMON         0x008009a5        0x4 /usr/local/lib/gcc/avr/4.2.2/../../../../avr/lib/avr5/libc.a(malloc.o)
                0x008009a5                __brkval
                0x008009a7                __flp
                0x008009a9                PROVIDE (__bss_end, .)
                0x00005a1c                __data_load_start = LOADADDR (.data)
                0x00005efa                __data_load_end = (__data_load_start + SIZEOF (.data))

.noinit         0x008009a9        0x0
                0x008009a9                PROVIDE (__noinit_start, .)
 *(.noinit*)
                0x008009a9                PROVIDE (__noinit_end, .)
                0x008009a9                _end = .
                0x008009a9                PROVIDE (__heap_start, .)

.eeprom         0x00810000        0x0
 *(.eeprom*)
                0x00810000                __eeprom_end = .

.stab           0x00000000     0xd59c
 *(.stab)
 .stab          0x00000000      0x414 /usr/local/lib/gcc/avr/4.2.2/../../../../avr/lib/avr5/crtm128.o
 .stab          0x00000414     0x14dc main.o
                               0x14e8 (size before relaxing)
 .stab          0x000018f0      0x228 ../../src/radio/cc2420/source/hal_rf_set_channel.o
                                0x540 (size before relaxing)
 .stab          0x00001b18      0x228 ../../src/radio/cc2420/source/hal_rf_wait_for_crystal_oscillator.o
                                0x540 (size before relaxing)
 .stab          0x00001d40     0x1a7c ../../src/radio/cc2420/source/basic_rf.o
                               0x1e48 (size before relaxing)
 .stab          0x000037bc      0xf3c ../../src/platform/micaZ/source/ulib.o
                               0x1290 (size before relaxing)
 .stab          0x000046f8      0x210 ../../src/platform/micaZ/source/hal_wait.o
                                0x528 (size before relaxing)
 .stab          0x00004908      0x4a4 ../../src/platform/micaZ/source/nrk_eeprom.o
                                0x7c8 (size before relaxing)
 .stab          0x00004dac      0x9cc ../../src/kernel/source/nrk.o
                                0xd38 (size before relaxing)
 .stab          0x00005778      0x294 ../../src/kernel/source/nrk_stats.o
                                0x690 (size before relaxing)
 .stab          0x00005a0c      0xb40 ../../src/kernel/source/nrk_error.o
                                0xf48 (size before relaxing)
 .stab          0x0000654c      0x444 ../../src/kernel/source/nrk_stack_check.o
                                0x840 (size before relaxing)
 .stab          0x00006990      0xe1c ../../src/kernel/source/nrk_events.o
                               0x11f4 (size before relaxing)
 .stab          0x000077ac     0x1038 ../../src/kernel/source/nrk_task.o
                               0x1410 (size before relaxing)
 .stab          0x000087e4      0x6e4 ../../src/kernel/source/nrk_time.o
                                0xaa4 (size before relaxing)
 .stab          0x00008ec8      0x300 ../../src/kernel/source/nrk_idle_task.o
                                0x714 (size before relaxing)
 .stab          0x000091c8      0x870 ../../src/kernel/source/nrk_scheduler.o
                                0xc48 (size before relaxing)
 .stab          0x00009a38       0xe4 ../../src/kernel/source/nrk_driver.o
                                 0xf0 (size before relaxing)
 .stab          0x00009b1c       0xe4 ../../src/kernel/source/nrk_reserve.o
                                 0xf0 (size before relaxing)
 .stab          0x00009c00      0xc3c ../../src/kernel/hal/atmega128/nrk_timer.o
                                0xf84 (size before relaxing)
 .stab          0x0000a83c      0x1ec ../../src/kernel/hal/atmega128/nrk_status.o
                                0x504 (size before relaxing)
 .stab          0x0000aa28      0x360 ../../src/kernel/hal/atmega128/nrk_watchdog.o
                                0x690 (size before relaxing)
 .stab          0x0000ad88      0x630 ../../src/kernel/hal/atmega128/nrk_cpu.o
                                0x9e4 (size before relaxing)
 .stab          0x0000b3b8      0x204 ../../src/kernel/hal/atmega128/atmel_hw_specific.o
                                0x210 (size before relaxing)
 .stab          0x0000b5bc      0x7f8 /usr/local/lib/gcc/avr/4.2.2/../../../../avr/lib/avr5/libprintf_min.a(vfprintf_min.o)
                                0x840 (size before relaxing)
 .stab          0x0000bdb4       0x9c /usr/local/lib/gcc/avr/4.2.2/../../../../avr/lib/avr5/libc.a(strchr_P.o)
                                 0xa8 (size before relaxing)
 .stab          0x0000be50      0x27c /usr/local/lib/gcc/avr/4.2.2/../../../../avr/lib/avr5/libc.a(fdevopen.o)
                                0x4a4 (size before relaxing)
 .stab          0x0000c0cc      0x1d4 /usr/local/lib/gcc/avr/4.2.2/../../../../avr/lib/avr5/libc.a(fputc.o)
                                0x3b4 (size before relaxing)
 .stab          0x0000c2a0      0x12c /usr/local/lib/gcc/avr/4.2.2/../../../../avr/lib/avr5/libc.a(iob.o)
                                0x30c (size before relaxing)
 .stab          0x0000c3cc      0x1b0 /usr/local/lib/gcc/avr/4.2.2/../../../../avr/lib/avr5/libc.a(printf.o)
                                0x390 (size before relaxing)
 .stab          0x0000c57c      0x1e0 /usr/local/lib/gcc/avr/4.2.2/../../../../avr/lib/avr5/libc.a(puts.o)
                                0x3c0 (size before relaxing)
 .stab          0x0000c75c      0x1f8 /usr/local/lib/gcc/avr/4.2.2/../../../../avr/lib/avr5/libc.a(sprintf.o)
                                0x3d8 (size before relaxing)
 .stab          0x0000c954      0x480 /usr/local/lib/gcc/avr/4.2.2/../../../../avr/lib/avr5/libc.a(ultoa_invert.o)
                                0x48c (size before relaxing)
 .stab          0x0000cdd4       0x78 /usr/local/lib/gcc/avr/4.2.2/../../../../avr/lib/avr5/libc.a(ee_rb.1C1D1E.o)
                                 0x84 (size before relaxing)
 .stab          0x0000ce4c      0x1bc /usr/local/lib/gcc/avr/4.2.2/../../../../avr/lib/avr5/libc.a(calloc.o)
                                0x1f8 (size before relaxing)
 .stab          0x0000d008      0x528 /usr/local/lib/gcc/avr/4.2.2/../../../../avr/lib/avr5/libc.a(malloc.o)
                                0x708 (size before relaxing)
 .stab          0x0000d530       0x6c /usr/local/lib/gcc/avr/4.2.2/../../../../avr/lib/avr5/libc.a(memset.o)
                                 0x78 (size before relaxing)

.stabstr        0x00000000     0x4f24
 *(.stabstr)
 .stabstr       0x00000000     0x4f24 /usr/local/lib/gcc/avr/4.2.2/../../../../avr/lib/avr5/crtm128.o

.stab.excl
 *(.stab.excl)

.stab.exclstr
 *(.stab.exclstr)

.stab.index
 *(.stab.index)

.stab.indexstr
 *(.stab.indexstr)

.comment
 *(.comment)

.debug
 *(.debug)

.line
 *(.line)

.debug_srcinfo
 *(.debug_srcinfo)

.debug_sfnames
 *(.debug_sfnames)

.debug_aranges
 *(.debug_aranges)

.debug_pubnames
 *(.debug_pubnames)

.debug_info
 *(.debug_info)
 *(.gnu.linkonce.wi.*)

.debug_abbrev
 *(.debug_abbrev)

.debug_line
 *(.debug_line)

.debug_frame
 *(.debug_frame)

.debug_str
 *(.debug_str)

.debug_loc
 *(.debug_loc)

.debug_macinfo
 *(.debug_macinfo)
OUTPUT(main.elf elf32-avr)
LOAD linker stubs

Cross Reference Table

Symbol                                            File
NRK_ADC_INPUT_0                                   ../../src/platform/micaZ/source/ulib.o
NRK_ADC_INPUT_1                                   ../../src/platform/micaZ/source/ulib.o
NRK_ADC_INPUT_2                                   ../../src/platform/micaZ/source/ulib.o
NRK_ADC_INPUT_3                                   ../../src/platform/micaZ/source/ulib.o
NRK_ADC_INPUT_6                                   ../../src/platform/micaZ/source/ulib.o
NRK_ADC_INPUT_7                                   ../../src/platform/micaZ/source/ulib.o
NRK_BLED                                          ../../src/platform/micaZ/source/ulib.o
NRK_CCA                                           ../../src/platform/micaZ/source/ulib.o
NRK_CSN                                           ../../src/platform/micaZ/source/ulib.o
NRK_DEBUG_0                                       ../../src/platform/micaZ/source/ulib.o
NRK_DEBUG_1                                       ../../src/platform/micaZ/source/ulib.o
NRK_DEBUG_2                                       ../../src/platform/micaZ/source/ulib.o
NRK_DEBUG_3                                       ../../src/platform/micaZ/source/ulib.o
NRK_FIFO                                          ../../src/platform/micaZ/source/ulib.o
NRK_FIFOP                                         ../../src/platform/micaZ/source/ulib.o
NRK_GPIO26                                        ../../src/platform/micaZ/source/ulib.o
NRK_GPIO28                                        ../../src/platform/micaZ/source/ulib.o
NRK_GPIO34                                        ../../src/platform/micaZ/source/ulib.o
NRK_LED_0                                         ../../src/platform/micaZ/source/ulib.o
NRK_LED_1                                         ../../src/platform/micaZ/source/ulib.o
NRK_LED_2                                         ../../src/platform/micaZ/source/ulib.o
NRK_LED_3                                         ../../src/platform/micaZ/source/ulib.o
NRK_MISO                                          ../../src/platform/micaZ/source/ulib.o
NRK_MOSI                                          ../../src/platform/micaZ/source/ulib.o
NRK_RESET_N                                       ../../src/platform/micaZ/source/ulib.o
NRK_SCK                                           ../../src/platform/micaZ/source/ulib.o
NRK_SFD                                           ../../src/platform/micaZ/source/ulib.o
NRK_SPI_SS                                        ../../src/platform/micaZ/source/ulib.o
NRK_UART0_RXD                                     ../../src/platform/micaZ/source/ulib.o
NRK_UART0_TXD                                     ../../src/platform/micaZ/source/ulib.o
NRK_UART1_CTS                                     ../../src/platform/micaZ/source/ulib.o
NRK_UART1_RTS                                     ../../src/platform/micaZ/source/ulib.o
NRK_UART1_RXD                                     ../../src/platform/micaZ/source/ulib.o
NRK_UART1_TXD                                     ../../src/platform/micaZ/source/ulib.o
NRK_VREG_EN                                       ../../src/platform/micaZ/source/ulib.o
Stack1                                            main.o
Stack2                                            main.o
Task1                                             main.o
Task10                                            main.o
Task11                                            main.o
Task12                                            main.o
Task13                                            main.o
Task14                                            main.o
Task15                                            main.o
Task16                                            main.o
Task2                                             main.o
Task3                                             main.o
Task4                                             main.o
Task5                                             main.o
Task6                                             main.o
Task7                                             main.o
Task8                                             main.o
Task9                                             main.o
TaskOne                                           main.o
TaskTwo                                           main.o
__bad_interrupt                                   /usr/local/lib/gcc/avr/4.2.2/../../../../avr/lib/avr5/crtm128.o
__brkval                                          /usr/local/lib/gcc/avr/4.2.2/../../../../avr/lib/avr5/libc.a(malloc.o)
__bss_end                                         /usr/local/lib/gcc/avr/4.2.2/avr5/libgcc.a(_clear_bss.o)
__bss_start                                       /usr/local/lib/gcc/avr/4.2.2/avr5/libgcc.a(_clear_bss.o)
__data_end                                        /usr/local/lib/gcc/avr/4.2.2/../../../../avr/lib/avr5/crtm128.o
__data_load_start                                 /usr/local/lib/gcc/avr/4.2.2/../../../../avr/lib/avr5/crtm128.o
__data_start                                      /usr/local/lib/gcc/avr/4.2.2/../../../../avr/lib/avr5/crtm128.o
__do_clear_bss                                    /usr/local/lib/gcc/avr/4.2.2/avr5/libgcc.a(_clear_bss.o)
                                                  /usr/local/lib/gcc/avr/4.2.2/../../../../avr/lib/avr5/libc.a(malloc.o)
                                                  /usr/local/lib/gcc/avr/4.2.2/../../../../avr/lib/avr5/libc.a(calloc.o)
                                                  /usr/local/lib/gcc/avr/4.2.2/../../../../avr/lib/avr5/libc.a(sprintf.o)
                                                  /usr/local/lib/gcc/avr/4.2.2/../../../../avr/lib/avr5/libc.a(puts.o)
                                                  /usr/local/lib/gcc/avr/4.2.2/../../../../avr/lib/avr5/libc.a(printf.o)
                                                  /usr/local/lib/gcc/avr/4.2.2/../../../../avr/lib/avr5/libc.a(iob.o)
                                                  /usr/local/lib/gcc/avr/4.2.2/../../../../avr/lib/avr5/libc.a(fputc.o)
                                                  /usr/local/lib/gcc/avr/4.2.2/../../../../avr/lib/avr5/libc.a(fdevopen.o)
                                                  /usr/local/lib/gcc/avr/4.2.2/../../../../avr/lib/avr5/libprintf_min.a(vfprintf_min.o)
                                                  ../../src/kernel/hal/atmega128/nrk_cpu.o
                                                  ../../src/kernel/hal/atmega128/nrk_watchdog.o
                                                  ../../src/kernel/hal/atmega128/nrk_status.o
                                                  ../../src/kernel/hal/atmega128/nrk_timer.o
                                                  ../../src/kernel/source/nrk_reserve.o
                                                  ../../src/kernel/source/nrk_driver.o
                                                  ../../src/kernel/source/nrk_scheduler.o
                                                  ../../src/kernel/source/nrk_idle_task.o
                                                  ../../src/kernel/source/nrk_time.o
                                                  ../../src/kernel/source/nrk_task.o
                                                  ../../src/kernel/source/nrk_events.o
                                                  ../../src/kernel/source/nrk_stack_check.o
                                                  ../../src/kernel/source/nrk_error.o
                                                  ../../src/kernel/source/nrk_stats.o
                                                  ../../src/kernel/source/nrk.o
                                                  ../../src/platform/micaZ/source/nrk_eeprom.o
                                                  ../../src/platform/micaZ/source/hal_wait.o
                                                  ../../src/platform/micaZ/source/ulib.o
                                                  ../../src/radio/cc2420/source/basic_rf.o
                                                  ../../src/radio/cc2420/source/hal_rf_wait_for_crystal_oscillator.o
                                                  ../../src/radio/cc2420/source/hal_rf_set_channel.o
                                                  main.o
__do_copy_data                                    /usr/local/lib/gcc/avr/4.2.2/../../../../avr/lib/avr5/crtm128.o
                                                  /usr/local/lib/gcc/avr/4.2.2/../../../../avr/lib/avr5/libc.a(malloc.o)
                                                  /usr/local/lib/gcc/avr/4.2.2/../../../../avr/lib/avr5/libc.a(calloc.o)
                                                  /usr/local/lib/gcc/avr/4.2.2/../../../../avr/lib/avr5/libc.a(sprintf.o)
                                                  /usr/local/lib/gcc/avr/4.2.2/../../../../avr/lib/avr5/libc.a(puts.o)
                                                  /usr/local/lib/gcc/avr/4.2.2/../../../../avr/lib/avr5/libc.a(printf.o)
                                                  /usr/local/lib/gcc/avr/4.2.2/../../../../avr/lib/avr5/libc.a(iob.o)
                                                  /usr/local/lib/gcc/avr/4.2.2/../../../../avr/lib/avr5/libc.a(fputc.o)
                                                  /usr/local/lib/gcc/avr/4.2.2/../../../../avr/lib/avr5/libc.a(fdevopen.o)
                                                  /usr/local/lib/gcc/avr/4.2.2/../../../../avr/lib/avr5/libprintf_min.a(vfprintf_min.o)
                                                  ../../src/kernel/hal/atmega128/nrk_cpu.o
                                                  ../../src/kernel/hal/atmega128/nrk_watchdog.o
                                                  ../../src/kernel/hal/atmega128/nrk_status.o
                                                  ../../src/kernel/hal/atmega128/nrk_timer.o
                                                  ../../src/kernel/source/nrk_reserve.o
                                                  ../../src/kernel/source/nrk_driver.o
                                                  ../../src/kernel/source/nrk_scheduler.o
                                                  ../../src/kernel/source/nrk_idle_task.o
                                                  ../../src/kernel/source/nrk_time.o
                                                  ../../src/kernel/source/nrk_task.o
                                                  ../../src/kernel/source/nrk_events.o
                                                  ../../src/kernel/source/nrk_stack_check.o
                                                  ../../src/kernel/source/nrk_error.o
                                                  ../../src/kernel/source/nrk_stats.o
                                                  ../../src/kernel/source/nrk.o
                                                  ../../src/platform/micaZ/source/nrk_eeprom.o
                                                  ../../src/platform/micaZ/source/hal_wait.o
                                                  ../../src/platform/micaZ/source/ulib.o
                                                  ../../src/radio/cc2420/source/basic_rf.o
                                                  ../../src/radio/cc2420/source/hal_rf_wait_for_crystal_oscillator.o
                                                  ../../src/radio/cc2420/source/hal_rf_set_channel.o
                                                  main.o
__eeprom_read_byte_1C1D1E                         /usr/local/lib/gcc/avr/4.2.2/../../../../avr/lib/avr5/libc.a(ee_rb.1C1D1E.o)
                                                  ../../src/platform/micaZ/source/nrk_eeprom.o
__epilogue_restores__                             /usr/local/lib/gcc/avr/4.2.2/avr5/libgcc.a(_epilogue.o)
                                                  /usr/local/lib/gcc/avr/4.2.2/../../../../avr/lib/avr5/libc.a(sprintf.o)
                                                  /usr/local/lib/gcc/avr/4.2.2/../../../../avr/lib/avr5/libc.a(printf.o)
                                                  /usr/local/lib/gcc/avr/4.2.2/../../../../avr/lib/avr5/libc.a(fdevopen.o)
                                                  /usr/local/lib/gcc/avr/4.2.2/../../../../avr/lib/avr5/libprintf_min.a(vfprintf_min.o)
__flp                                             /usr/local/lib/gcc/avr/4.2.2/../../../../avr/lib/avr5/libc.a(malloc.o)
__heap_end                                        /usr/local/lib/gcc/avr/4.2.2/../../../../avr/lib/avr5/crtm128.o
                                                  /usr/local/lib/gcc/avr/4.2.2/../../../../avr/lib/avr5/libc.a(malloc.o)
__heap_start                                      /usr/local/lib/gcc/avr/4.2.2/../../../../avr/lib/avr5/libc.a(malloc.o)
__init                                            /usr/local/lib/gcc/avr/4.2.2/../../../../avr/lib/avr5/crtm128.o
__iob                                             /usr/local/lib/gcc/avr/4.2.2/../../../../avr/lib/avr5/libc.a(puts.o)
                                                  /usr/local/lib/gcc/avr/4.2.2/../../../../avr/lib/avr5/libc.a(printf.o)
                                                  /usr/local/lib/gcc/avr/4.2.2/../../../../avr/lib/avr5/libc.a(iob.o)
                                                  /usr/local/lib/gcc/avr/4.2.2/../../../../avr/lib/avr5/libc.a(fdevopen.o)
                                                  ../../src/kernel/source/nrk_error.o
                                                  ../../src/platform/micaZ/source/ulib.o
__malloc_heap_end                                 /usr/local/lib/gcc/avr/4.2.2/../../../../avr/lib/avr5/libc.a(malloc.o)
__malloc_heap_start                               /usr/local/lib/gcc/avr/4.2.2/../../../../avr/lib/avr5/libc.a(malloc.o)
__malloc_margin                                   /usr/local/lib/gcc/avr/4.2.2/../../../../avr/lib/avr5/libc.a(malloc.o)
__mulsi3                                          /usr/local/lib/gcc/avr/4.2.2/avr5/libgcc.a(_mulsi3.o)
                                                  ../../src/kernel/source/nrk_scheduler.o
                                                  ../../src/kernel/source/nrk_time.o
__prologue_saves__                                /usr/local/lib/gcc/avr/4.2.2/avr5/libgcc.a(_prologue.o)
                                                  /usr/local/lib/gcc/avr/4.2.2/../../../../avr/lib/avr5/libc.a(sprintf.o)
                                                  /usr/local/lib/gcc/avr/4.2.2/../../../../avr/lib/avr5/libc.a(printf.o)
                                                  /usr/local/lib/gcc/avr/4.2.2/../../../../avr/lib/avr5/libprintf_min.a(vfprintf_min.o)
__stack                                           /usr/local/lib/gcc/avr/4.2.2/../../../../avr/lib/avr5/crtm128.o
                                                  main.o
__udivmodhi4                                      /usr/local/lib/gcc/avr/4.2.2/avr5/libgcc.a(_udivmodhi4.o)
                                                  ../../src/kernel/source/nrk_scheduler.o
__udivmodsi4                                      /usr/local/lib/gcc/avr/4.2.2/avr5/libgcc.a(_udivmodsi4.o)
                                                  ../../src/kernel/source/nrk_scheduler.o
                                                  ../../src/kernel/source/nrk_time.o
                                                  main.o
__ultoa_invert                                    /usr/local/lib/gcc/avr/4.2.2/../../../../avr/lib/avr5/libc.a(ultoa_invert.o)
                                                  /usr/local/lib/gcc/avr/4.2.2/../../../../avr/lib/avr5/libprintf_min.a(vfprintf_min.o)
__vector_1                                        /usr/local/lib/gcc/avr/4.2.2/../../../../avr/lib/avr5/crtm128.o
__vector_10                                       /usr/local/lib/gcc/avr/4.2.2/../../../../avr/lib/avr5/crtm128.o
__vector_11                                       /usr/local/lib/gcc/avr/4.2.2/../../../../avr/lib/avr5/crtm128.o
__vector_12                                       /usr/local/lib/gcc/avr/4.2.2/../../../../avr/lib/avr5/crtm128.o
__vector_13                                       /usr/local/lib/gcc/avr/4.2.2/../../../../avr/lib/avr5/crtm128.o
__vector_14                                       /usr/local/lib/gcc/avr/4.2.2/../../../../avr/lib/avr5/crtm128.o
__vector_15                                       ../../src/kernel/hal/atmega128/nrk_timer.o
                                                  /usr/local/lib/gcc/avr/4.2.2/../../../../avr/lib/avr5/crtm128.o
__vector_16                                       ../../src/kernel/hal/atmega128/nrk_timer.o
                                                  /usr/local/lib/gcc/avr/4.2.2/../../../../avr/lib/avr5/crtm128.o
__vector_17                                       /usr/local/lib/gcc/avr/4.2.2/../../../../avr/lib/avr5/crtm128.o
__vector_18                                       /usr/local/lib/gcc/avr/4.2.2/../../../../avr/lib/avr5/crtm128.o
__vector_19                                       /usr/local/lib/gcc/avr/4.2.2/../../../../avr/lib/avr5/crtm128.o
__vector_2                                        /usr/local/lib/gcc/avr/4.2.2/../../../../avr/lib/avr5/crtm128.o
__vector_20                                       /usr/local/lib/gcc/avr/4.2.2/../../../../avr/lib/avr5/crtm128.o
__vector_21                                       /usr/local/lib/gcc/avr/4.2.2/../../../../avr/lib/avr5/crtm128.o
__vector_22                                       /usr/local/lib/gcc/avr/4.2.2/../../../../avr/lib/avr5/crtm128.o
__vector_23                                       /usr/local/lib/gcc/avr/4.2.2/../../../../avr/lib/avr5/crtm128.o
__vector_24                                       /usr/local/lib/gcc/avr/4.2.2/../../../../avr/lib/avr5/crtm128.o
__vector_25                                       /usr/local/lib/gcc/avr/4.2.2/../../../../avr/lib/avr5/crtm128.o
__vector_26                                       /usr/local/lib/gcc/avr/4.2.2/../../../../avr/lib/avr5/crtm128.o
__vector_27                                       /usr/local/lib/gcc/avr/4.2.2/../../../../avr/lib/avr5/crtm128.o
__vector_28                                       /usr/local/lib/gcc/avr/4.2.2/../../../../avr/lib/avr5/crtm128.o
__vector_29                                       /usr/local/lib/gcc/avr/4.2.2/../../../../avr/lib/avr5/crtm128.o
__vector_3                                        /usr/local/lib/gcc/avr/4.2.2/../../../../avr/lib/avr5/crtm128.o
__vector_30                                       /usr/local/lib/gcc/avr/4.2.2/../../../../avr/lib/avr5/crtm128.o
__vector_31                                       /usr/local/lib/gcc/avr/4.2.2/../../../../avr/lib/avr5/crtm128.o
__vector_32                                       /usr/local/lib/gcc/avr/4.2.2/../../../../avr/lib/avr5/crtm128.o
__vector_33                                       /usr/local/lib/gcc/avr/4.2.2/../../../../avr/lib/avr5/crtm128.o
__vector_34                                       /usr/local/lib/gcc/avr/4.2.2/../../../../avr/lib/avr5/crtm128.o
__vector_4                                        /usr/local/lib/gcc/avr/4.2.2/../../../../avr/lib/avr5/crtm128.o
__vector_5                                        /usr/local/lib/gcc/avr/4.2.2/../../../../avr/lib/avr5/crtm128.o
__vector_6                                        /usr/local/lib/gcc/avr/4.2.2/../../../../avr/lib/avr5/crtm128.o
__vector_7                                        /usr/local/lib/gcc/avr/4.2.2/../../../../avr/lib/avr5/crtm128.o
__vector_8                                        /usr/local/lib/gcc/avr/4.2.2/../../../../avr/lib/avr5/crtm128.o
__vector_9                                        ../../src/kernel/hal/atmega128/nrk_timer.o
                                                  /usr/local/lib/gcc/avr/4.2.2/../../../../avr/lib/avr5/crtm128.o
__vector_default                                  ../../src/kernel/hal/atmega128/nrk_timer.o
                                                  /usr/local/lib/gcc/avr/4.2.2/../../../../avr/lib/avr5/crtm128.o
__vectors                                         /usr/local/lib/gcc/avr/4.2.2/../../../../avr/lib/avr5/crtm128.o
_exit                                             /usr/local/lib/gcc/avr/4.2.2/avr5/libgcc.a(_exit.o)
_free_node                                        ../../src/kernel/source/nrk_scheduler.o
                                                  ../../src/kernel/source/nrk_task.o
                                                  ../../src/kernel/source/nrk_events.o
                                                  ../../src/kernel/source/nrk_stats.o
                                                  ../../src/kernel/source/nrk.o
_head_node                                        ../../src/kernel/source/nrk_scheduler.o
                                                  ../../src/kernel/source/nrk_task.o
                                                  ../../src/kernel/source/nrk_events.o
                                                  ../../src/kernel/source/nrk_stats.o
                                                  ../../src/kernel/source/nrk.o
_nrk_cpu_state                                    ../../src/kernel/source/nrk_scheduler.o
                                                  ../../src/kernel/source/nrk_idle_task.o
                                                  ../../src/kernel/source/nrk_task.o
                                                  ../../src/kernel/source/nrk_events.o
                                                  ../../src/kernel/source/nrk.o
_nrk_errno_set                                    ../../src/kernel/source/nrk_error.o
                                                  ../../src/kernel/source/nrk_events.o
_nrk_get_next_wakeup                              ../../src/kernel/hal/atmega128/nrk_timer.o
                                                  ../../src/kernel/source/nrk_idle_task.o
                                                  ../../src/kernel/source/nrk_task.o
_nrk_high_speed_timer_get                         ../../src/kernel/hal/atmega128/nrk_timer.o
                                                  ../../src/kernel/source/nrk_scheduler.o
_nrk_high_speed_timer_reset                       ../../src/kernel/hal/atmega128/nrk_timer.o
                                                  ../../src/kernel/source/nrk_scheduler.o
_nrk_high_speed_timer_start                       ../../src/kernel/hal/atmega128/nrk_timer.o
_nrk_high_speed_timer_stop                        ../../src/kernel/hal/atmega128/nrk_timer.o
_nrk_os_timer_get                                 ../../src/kernel/hal/atmega128/nrk_timer.o
                                                  ../../src/kernel/source/nrk_scheduler.o
                                                  ../../src/kernel/source/nrk_time.o
                                                  ../../src/kernel/source/nrk_task.o
                                                  ../../src/radio/cc2420/source/basic_rf.o
_nrk_os_timer_reset                               ../../src/kernel/hal/atmega128/nrk_timer.o
_nrk_os_timer_set                                 ../../src/kernel/hal/atmega128/nrk_timer.o
_nrk_os_timer_start                               ../../src/kernel/hal/atmega128/nrk_timer.o
_nrk_os_timer_stop                                ../../src/kernel/hal/atmega128/nrk_timer.o
_nrk_prev_timer_val                               ../../src/kernel/hal/atmega128/nrk_timer.o
                                                  ../../src/kernel/source/nrk_scheduler.o
                                                  ../../src/kernel/source/nrk_idle_task.o
                                                  ../../src/kernel/source/nrk_time.o
                                                  ../../src/kernel/source/nrk_task.o
                                                  ../../src/kernel/source/nrk_events.o
                                                  ../../src/kernel/source/nrk_error.o
                                                  ../../src/radio/cc2420/source/basic_rf.o
                                                  main.o
_nrk_readyQ                                       ../../src/kernel/source/nrk_scheduler.o
                                                  ../../src/kernel/source/nrk_task.o
                                                  ../../src/kernel/source/nrk_events.o
                                                  ../../src/kernel/source/nrk_stats.o
                                                  ../../src/kernel/source/nrk.o
_nrk_resource_cnt                                 ../../src/kernel/source/nrk_scheduler.o
                                                  ../../src/kernel/source/nrk_task.o
                                                  ../../src/kernel/source/nrk_events.o
                                                  ../../src/kernel/source/nrk_stats.o
                                                  ../../src/kernel/source/nrk.o
_nrk_scheduler                                    ../../src/kernel/source/nrk_scheduler.o
                                                  ../../src/kernel/source/nrk.o
_nrk_set_next_wakeup                              ../../src/kernel/hal/atmega128/nrk_timer.o
                                                  ../../src/kernel/source/nrk_scheduler.o
                                                  ../../src/kernel/source/nrk_task.o
_nrk_setup_timer                                  ../../src/kernel/hal/atmega128/nrk_timer.o
                                                  ../../src/kernel/hal/atmega128/nrk_cpu.o
_nrk_signal_list                                  ../../src/kernel/hal/atmega128/nrk_cpu.o
                                                  ../../src/kernel/hal/atmega128/nrk_watchdog.o
                                                  ../../src/kernel/hal/atmega128/nrk_status.o
                                                  ../../src/kernel/hal/atmega128/nrk_timer.o
                                                  ../../src/kernel/source/nrk_scheduler.o
                                                  ../../src/kernel/source/nrk_idle_task.o
                                                  ../../src/kernel/source/nrk_time.o
                                                  ../../src/kernel/source/nrk_task.o
                                                  ../../src/kernel/source/nrk_events.o
                                                  ../../src/kernel/source/nrk_stack_check.o
                                                  ../../src/kernel/source/nrk_error.o
                                                  ../../src/kernel/source/nrk_stats.o
                                                  ../../src/kernel/source/nrk.o
                                                  ../../src/platform/micaZ/source/nrk_eeprom.o
                                                  ../../src/platform/micaZ/source/hal_wait.o
                                                  ../../src/platform/micaZ/source/ulib.o
                                                  ../../src/radio/cc2420/source/basic_rf.o
                                                  ../../src/radio/cc2420/source/hal_rf_wait_for_crystal_oscillator.o
                                                  ../../src/radio/cc2420/source/hal_rf_set_channel.o
                                                  main.o
_nrk_startup_ok                                   ../../src/kernel/hal/atmega128/nrk_status.o
                                                  ../../src/kernel/source/nrk.o
_nrk_ticks_to_time                                ../../src/kernel/source/nrk_time.o
_nrk_time_to_ticks                                ../../src/kernel/source/nrk_time.o
                                                  ../../src/kernel/source/nrk_task.o
                                                  ../../src/kernel/source/nrk.o
_nrk_time_to_ticks_long                           ../../src/kernel/source/nrk_time.o
_nrk_time_trigger                                 ../../src/kernel/hal/atmega128/nrk_timer.o
                                                  ../../src/kernel/source/nrk_scheduler.o
                                                  ../../src/kernel/source/nrk_idle_task.o
                                                  ../../src/kernel/source/nrk_time.o
                                                  ../../src/kernel/source/nrk_task.o
                                                  ../../src/kernel/source/nrk_events.o
                                                  ../../src/kernel/source/nrk_error.o
                                                  ../../src/radio/cc2420/source/basic_rf.o
                                                  main.o
_nrk_timer_tick                                   ../../src/kernel/source/nrk.o
                                                  ../../src/kernel/hal/atmega128/nrk_cpu.o
                                                  main.o
_nrk_wait_for_scheduler                           ../../src/kernel/source/nrk_task.o
app_timer0_callback                               ../../src/kernel/hal/atmega128/nrk_timer.o
                                                  ../../src/kernel/source/nrk_scheduler.o
                                                  ../../src/kernel/source/nrk_idle_task.o
                                                  ../../src/kernel/source/nrk_time.o
                                                  ../../src/kernel/source/nrk_task.o
                                                  ../../src/kernel/source/nrk_events.o
                                                  ../../src/kernel/source/nrk_error.o
                                                  ../../src/radio/cc2420/source/basic_rf.o
                                                  main.o
app_timer0_prescale                               ../../src/kernel/hal/atmega128/nrk_timer.o
                                                  ../../src/kernel/source/nrk_scheduler.o
                                                  ../../src/kernel/source/nrk_idle_task.o
                                                  ../../src/kernel/source/nrk_time.o
                                                  ../../src/kernel/source/nrk_task.o
                                                  ../../src/kernel/source/nrk_events.o
                                                  ../../src/kernel/source/nrk_error.o
                                                  ../../src/radio/cc2420/source/basic_rf.o
                                                  main.o
auto_ack_enable                                   ../../src/radio/cc2420/source/basic_rf.o
blink_dash                                        ../../src/kernel/source/nrk_error.o
blink_dot                                         ../../src/kernel/source/nrk_error.o
blink_morse_code_error                            ../../src/kernel/source/nrk_error.o
calloc                                            /usr/local/lib/gcc/avr/4.2.2/../../../../avr/lib/avr5/libc.a(calloc.o)
                                                  /usr/local/lib/gcc/avr/4.2.2/../../../../avr/lib/avr5/libc.a(fdevopen.o)
dump_stack_info                                   ../../src/kernel/source/nrk_stack_check.o
error_num                                         ../../src/kernel/hal/atmega128/nrk_cpu.o
                                                  ../../src/kernel/hal/atmega128/nrk_watchdog.o
                                                  ../../src/kernel/hal/atmega128/nrk_timer.o
                                                  ../../src/kernel/source/nrk_scheduler.o
                                                  ../../src/kernel/source/nrk_idle_task.o
                                                  ../../src/kernel/source/nrk_task.o
                                                  ../../src/kernel/source/nrk_events.o
                                                  ../../src/kernel/source/nrk_stack_check.o
                                                  ../../src/kernel/source/nrk_error.o
                                                  ../../src/kernel/source/nrk_stats.o
                                                  ../../src/kernel/source/nrk.o
                                                  ../../src/platform/micaZ/source/nrk_eeprom.o
                                                  ../../src/platform/micaZ/source/ulib.o
                                                  ../../src/radio/cc2420/source/basic_rf.o
                                                  main.o
error_task                                        ../../src/kernel/hal/atmega128/nrk_cpu.o
                                                  ../../src/kernel/hal/atmega128/nrk_watchdog.o
                                                  ../../src/kernel/hal/atmega128/nrk_timer.o
                                                  ../../src/kernel/source/nrk_scheduler.o
                                                  ../../src/kernel/source/nrk_idle_task.o
                                                  ../../src/kernel/source/nrk_task.o
                                                  ../../src/kernel/source/nrk_events.o
                                                  ../../src/kernel/source/nrk_stack_check.o
                                                  ../../src/kernel/source/nrk_error.o
                                                  ../../src/kernel/source/nrk_stats.o
                                                  ../../src/kernel/source/nrk.o
                                                  ../../src/platform/micaZ/source/nrk_eeprom.o
                                                  ../../src/platform/micaZ/source/ulib.o
                                                  ../../src/radio/cc2420/source/basic_rf.o
                                                  main.o
exit                                              /usr/local/lib/gcc/avr/4.2.2/avr5/libgcc.a(_exit.o)
                                                  main.o
                                                  /usr/local/lib/gcc/avr/4.2.2/../../../../avr/lib/avr5/crtm128.o
fdevopen                                          /usr/local/lib/gcc/avr/4.2.2/../../../../avr/lib/avr5/libc.a(fdevopen.o)
                                                  ../../src/platform/micaZ/source/ulib.o
fputc                                             /usr/local/lib/gcc/avr/4.2.2/../../../../avr/lib/avr5/libc.a(fputc.o)
                                                  /usr/local/lib/gcc/avr/4.2.2/../../../../avr/lib/avr5/libprintf_min.a(vfprintf_min.o)
                                                  ../../src/kernel/source/nrk_error.o
                                                  ../../src/platform/micaZ/source/ulib.o
free                                              /usr/local/lib/gcc/avr/4.2.2/../../../../avr/lib/avr5/libc.a(malloc.o)
getc0                                             ../../src/platform/micaZ/source/ulib.o
getc1                                             ../../src/platform/micaZ/source/ulib.o
halRfSetChannel                                   ../../src/radio/cc2420/source/hal_rf_set_channel.o
                                                  ../../src/radio/cc2420/source/basic_rf.o
halRfWaitForCrystalOscillator                     ../../src/radio/cc2420/source/hal_rf_wait_for_crystal_oscillator.o
                                                  ../../src/radio/cc2420/source/basic_rf.o
halWait                                           ../../src/platform/micaZ/source/hal_wait.o
                                                  ../../src/radio/cc2420/source/basic_rf.o
last_pkt_encrypted                                ../../src/radio/cc2420/source/basic_rf.o
main                                              main.o
                                                  /usr/local/lib/gcc/avr/4.2.2/../../../../avr/lib/avr5/crtm128.o
malloc                                            /usr/local/lib/gcc/avr/4.2.2/../../../../avr/lib/avr5/libc.a(malloc.o)
                                                  /usr/local/lib/gcc/avr/4.2.2/../../../../avr/lib/avr5/libc.a(calloc.o)
mdmctrl0                                          ../../src/radio/cc2420/source/basic_rf.o
memset                                            /usr/local/lib/gcc/avr/4.2.2/../../../../avr/lib/avr5/libc.a(memset.o)
                                                  /usr/local/lib/gcc/avr/4.2.2/../../../../avr/lib/avr5/libc.a(calloc.o)
my_nano_sleep                                     main.o
next_next_wakeup                                  ../../src/kernel/source/nrk_scheduler.o
                                                  ../../src/kernel/source/nrk_idle_task.o
                                                  ../../src/kernel/source/nrk_task.o
                                                  ../../src/kernel/source/nrk_events.o
                                                  ../../src/kernel/source/nrk.o
nrk_TCB_init                                      ../../src/kernel/source/nrk.o
                                                  ../../src/kernel/source/nrk_task.o
nrk_activate_task                                 ../../src/kernel/source/nrk_task.o
                                                  ../../src/kernel/source/nrk.o
                                                  main.o
nrk_add_to_readyQ                                 ../../src/kernel/source/nrk_task.o
                                                  ../../src/kernel/source/nrk_scheduler.o
nrk_battery_save                                  ../../src/kernel/hal/atmega128/nrk_cpu.o
nrk_create_taskset                                main.o
nrk_cur_task_TCB                                  ../../src/kernel/hal/atmega128/nrk_timer.o
                                                  ../../src/kernel/source/nrk_scheduler.o
                                                  ../../src/kernel/source/nrk_task.o
                                                  ../../src/kernel/source/nrk_events.o
                                                  ../../src/kernel/source/nrk_stack_check.o
                                                  ../../src/kernel/source/nrk_error.o
                                                  ../../src/kernel/source/nrk_stats.o
                                                  ../../src/kernel/source/nrk.o
nrk_cur_task_prio                                 ../../src/kernel/source/nrk_scheduler.o
                                                  ../../src/kernel/source/nrk_task.o
                                                  ../../src/kernel/source/nrk_events.o
                                                  ../../src/kernel/source/nrk_stats.o
                                                  ../../src/kernel/source/nrk.o
nrk_errno_get                                     ../../src/kernel/source/nrk_error.o
nrk_error_add                                     ../../src/kernel/source/nrk_error.o
                                                  ../../src/kernel/hal/atmega128/nrk_cpu.o
                                                  ../../src/kernel/source/nrk_idle_task.o
                                                  ../../src/kernel/source/nrk_stack_check.o
nrk_error_get                                     ../../src/kernel/source/nrk_error.o
nrk_error_print                                   ../../src/kernel/source/nrk_error.o
nrk_event_signal                                  ../../src/kernel/source/nrk_events.o
nrk_event_wait                                    ../../src/kernel/source/nrk_events.o
nrk_get_button                                    ../../src/platform/micaZ/source/ulib.o
nrk_get_high_ready_task_ID                        ../../src/kernel/source/nrk_task.o
                                                  ../../src/kernel/source/nrk_scheduler.o
                                                  ../../src/kernel/source/nrk.o
nrk_get_pid                                       ../../src/kernel/source/nrk_task.o
                                                  main.o
nrk_get_resource_index                            ../../src/kernel/source/nrk_events.o
nrk_gpio_clr                                      ../../src/platform/micaZ/source/ulib.o
nrk_gpio_direction                                ../../src/platform/micaZ/source/ulib.o
nrk_gpio_get                                      ../../src/platform/micaZ/source/ulib.o
nrk_gpio_pullups                                  ../../src/platform/micaZ/source/ulib.o
nrk_gpio_set                                      ../../src/platform/micaZ/source/ulib.o
nrk_gpio_toggle                                   ../../src/platform/micaZ/source/ulib.o
nrk_halt                                          ../../src/kernel/source/nrk.o
nrk_high_ready_TCB                                ../../src/kernel/hal/atmega128/atmel_hw_specific.o
                                                  ../../src/kernel/source/nrk_scheduler.o
                                                  ../../src/kernel/source/nrk_task.o
                                                  ../../src/kernel/source/nrk_events.o
                                                  ../../src/kernel/source/nrk_stats.o
                                                  ../../src/kernel/source/nrk.o
nrk_high_ready_prio                               ../../src/kernel/source/nrk_scheduler.o
                                                  ../../src/kernel/source/nrk_task.o
                                                  ../../src/kernel/source/nrk_events.o
                                                  ../../src/kernel/source/nrk_stats.o
                                                  ../../src/kernel/source/nrk.o
nrk_high_speed_timer_wait                         ../../src/kernel/hal/atmega128/nrk_timer.o
                                                  ../../src/kernel/source/nrk_scheduler.o
                                                  ../../src/radio/cc2420/source/basic_rf.o
nrk_idle                                          ../../src/kernel/hal/atmega128/nrk_cpu.o
                                                  ../../src/kernel/source/nrk_idle_task.o
                                                  ../../src/kernel/source/nrk_task.o
nrk_idle_task                                     ../../src/kernel/source/nrk_idle_task.o
                                                  ../../src/kernel/source/nrk.o
nrk_idle_task_stk                                 ../../src/kernel/hal/atmega128/nrk_cpu.o
                                                  ../../src/kernel/source/nrk_scheduler.o
                                                  ../../src/kernel/source/nrk_idle_task.o
                                                  ../../src/kernel/source/nrk_time.o
                                                  ../../src/kernel/source/nrk_task.o
                                                  ../../src/kernel/source/nrk_events.o
                                                  ../../src/kernel/source/nrk_stack_check.o
                                                  ../../src/kernel/source/nrk_error.o
                                                  ../../src/kernel/source/nrk_stats.o
                                                  ../../src/kernel/source/nrk.o
                                                  ../../src/radio/cc2420/source/basic_rf.o
                                                  main.o
nrk_init                                          ../../src/kernel/source/nrk.o
                                                  main.o
nrk_int_disable                                   ../../src/kernel/source/nrk.o
                                                  ../../src/kernel/hal/atmega128/nrk_watchdog.o
                                                  ../../src/kernel/source/nrk_scheduler.o
                                                  ../../src/kernel/source/nrk_task.o
                                                  ../../src/kernel/source/nrk_events.o
                                                  ../../src/kernel/source/nrk_error.o
nrk_int_enable                                    ../../src/kernel/source/nrk.o
                                                  ../../src/kernel/hal/atmega128/nrk_cpu.o
                                                  ../../src/kernel/hal/atmega128/nrk_watchdog.o
                                                  ../../src/kernel/source/nrk_task.o
                                                  ../../src/kernel/source/nrk_events.o
nrk_kernel_error_add                              ../../src/kernel/source/nrk_error.o
                                                  ../../src/kernel/hal/atmega128/nrk_timer.o
                                                  ../../src/kernel/source/nrk_scheduler.o
                                                  ../../src/kernel/source/nrk.o
nrk_kernel_stk_ptr                                ../../src/kernel/hal/atmega128/nrk_cpu.o
                                                  ../../src/kernel/hal/atmega128/nrk_timer.o
                                                  ../../src/kernel/source/nrk_scheduler.o
                                                  ../../src/kernel/source/nrk_idle_task.o
                                                  ../../src/kernel/source/nrk_time.o
                                                  ../../src/kernel/source/nrk_task.o
                                                  ../../src/kernel/source/nrk_events.o
                                                  ../../src/kernel/source/nrk_stack_check.o
                                                  ../../src/kernel/source/nrk_error.o
                                                  ../../src/kernel/source/nrk_stats.o
                                                  ../../src/kernel/source/nrk.o
                                                  ../../src/radio/cc2420/source/basic_rf.o
                                                  main.o
nrk_kprintf                                       ../../src/platform/micaZ/source/ulib.o
                                                  ../../src/kernel/source/nrk_stack_check.o
                                                  ../../src/kernel/source/nrk_error.o
nrk_led_clr                                       ../../src/platform/micaZ/source/ulib.o
                                                  ../../src/kernel/source/nrk_error.o
nrk_led_set                                       ../../src/platform/micaZ/source/ulib.o
                                                  ../../src/kernel/source/nrk_error.o
nrk_led_toggle                                    ../../src/platform/micaZ/source/ulib.o
nrk_print_readyQ                                  ../../src/kernel/source/nrk_task.o
nrk_rem_from_readyQ                               ../../src/kernel/source/nrk_task.o
                                                  ../../src/kernel/source/nrk_scheduler.o
nrk_sem_create                                    ../../src/kernel/source/nrk_events.o
nrk_sem_delete                                    ../../src/kernel/source/nrk_events.o
nrk_sem_list                                      ../../src/kernel/source/nrk_scheduler.o
                                                  ../../src/kernel/source/nrk_task.o
                                                  ../../src/kernel/source/nrk_events.o
                                                  ../../src/kernel/source/nrk_stats.o
                                                  ../../src/kernel/source/nrk.o
nrk_sem_pend                                      ../../src/kernel/source/nrk_events.o
nrk_sem_post                                      ../../src/kernel/source/nrk_events.o
                                                  ../../src/radio/cc2420/source/basic_rf.o
nrk_sem_query                                     ../../src/kernel/source/nrk_events.o
nrk_set_next_wakeup                               ../../src/kernel/source/nrk_task.o
nrk_setup_ports                                   ../../src/platform/micaZ/source/ulib.o
                                                  main.o
nrk_setup_uart                                    ../../src/platform/micaZ/source/ulib.o
                                                  main.o
nrk_signal_create                                 ../../src/kernel/source/nrk_events.o
                                                  ../../src/kernel/source/nrk.o
nrk_signal_delete                                 ../../src/kernel/source/nrk_events.o
nrk_signal_get_registered_mask                    ../../src/kernel/source/nrk_events.o
nrk_signal_register                               ../../src/kernel/source/nrk_events.o
nrk_signal_unregister                             ../../src/kernel/source/nrk_events.o
nrk_sleep                                         ../../src/kernel/hal/atmega128/nrk_cpu.o
                                                  ../../src/kernel/source/nrk_idle_task.o
nrk_spin_wait_us                                  ../../src/kernel/hal/atmega128/nrk_timer.o
                                                  ../../src/kernel/source/nrk_idle_task.o
                                                  ../../src/kernel/source/nrk_error.o
                                                  ../../src/radio/cc2420/source/basic_rf.o
                                                  main.o
nrk_stack_check                                   ../../src/kernel/source/nrk_stack_check.o
                                                  ../../src/kernel/source/nrk_idle_task.o
                                                  ../../src/kernel/source/nrk_task.o
nrk_stack_check_pid                               ../../src/kernel/source/nrk_stack_check.o
nrk_stack_pointer_init                            ../../src/kernel/hal/atmega128/nrk_cpu.o
                                                  ../../src/kernel/source/nrk.o
nrk_stack_pointer_restore                         ../../src/kernel/hal/atmega128/nrk_cpu.o
                                                  ../../src/kernel/source/nrk_scheduler.o
nrk_start                                         ../../src/kernel/source/nrk.o
                                                  main.o
nrk_start_high_ready_task                         ../../src/kernel/hal/atmega128/atmel_hw_specific.o
                                                  ../../src/kernel/source/nrk_scheduler.o
                                                  ../../src/kernel/source/nrk.o
nrk_system_time                                   ../../src/kernel/source/nrk_scheduler.o
                                                  ../../src/kernel/source/nrk_time.o
                                                  ../../src/kernel/source/nrk_task.o
                                                  ../../src/kernel/source/nrk_events.o
                                                  ../../src/kernel/source/nrk_stats.o
                                                  ../../src/kernel/source/nrk.o
nrk_target_start                                  ../../src/kernel/hal/atmega128/nrk_cpu.o
                                                  ../../src/kernel/source/nrk.o
nrk_task_TCB                                      ../../src/kernel/source/nrk_scheduler.o
                                                  ../../src/kernel/source/nrk_task.o
                                                  ../../src/kernel/source/nrk_events.o